// Jest Snapshot v1, https://goo.gl/fbAQLP

exports[`Buttons render correctly 1`] = `
<View
  accessible={true}
  isTVSelectable={true}
  onResponderGrant={[Function]}
  onResponderMove={[Function]}
  onResponderRelease={[Function]}
  onResponderTerminate={[Function]}
  onResponderTerminationRequest={[Function]}
  onStartShouldSetResponder={[Function]}
  style={
    Object {
      "alignItems": "center",
      "backgroundColor": "#FFFFFF",
      "borderRadius": 12,
      "elevation": 4,
      "opacity": 1,
      "padding": 17,
      "paddingVertical": 21.15,
      "width": 300,
    }
  }
>
  <Text
    style={
      Object {
        "color": "#1473E6",
        "fontFamily": "Raleway-SemiBold",
        "fontSize": 15,
      }
    }
  >
    SELECT A PICTURE
  </Text>
</View>
`;

exports[`Icons render correctly 1`] = `
<Text
  allowFontScaling={false}
  style={
    Array [
      Object {
        "color": "#ffffff",
        "fontSize": 130,
      },
      undefined,
      Object {
        "fontFamily": "Font Awesome 5 Free",
        "fontStyle": "normal",
        "fontWeight": "normal",
      },
      Object {
        "fontWeight": "700",
      },
    ]
  }
>
  
</Text>
`;

exports[`Image Background renders correctly 1`] = `
<View
  accessibilityIgnoresInvertColors={true}
  style={
    Object {
      "flex": 1,
      "height": "110%",
      "width": "100%",
    }
  }
>
  <Image
    resizeMode="repeat"
    source={
      Object {
        "testUri": "../../../src/assets/img/loginScreen/backPattern.png",
      }
    }
    style={
      Array [
        Object {
          "bottom": 0,
          "left": 0,
          "position": "absolute",
          "right": 0,
          "top": 0,
        },
        Object {
          "height": "110%",
          "width": "100%",
        },
        undefined,
      ]
    }
  />
</View>
`;

exports[`Linear Gradient renders correctly 1`] = `
<BVLinearGradient
  colors={
    Array [
      4279530470,
      4279129514,
    ]
  }
  endPoint={
    Object {
      "x": 0.5,
      "y": 1,
    }
  }
  locations={null}
  startPoint={
    Object {
      "x": 0.5,
      "y": 0,
    }
  }
  style={
    Object {
      "flex": 1,
      "height": "110%",
      "width": "100%",
    }
  }
/>
`;

exports[`StatusBar renders correctly 1`] = `null`;
